HTTP/1.1 500 Internal Server Error
Connection: close
Content-Type: text/plain; charset=utf-8
X-Content-Type-Options: nosniff

Server error
