HTTP/1.1 201 Created
Connection: close
Content-Type: application/json

{
  "created_time": 1677136520,
  "id": 1
}