HTTP/1.1 200 OK
Connection: close
Content-Type: application/json

{
  "name": "JoJo"
}